{
  "id": 1,
  "name": "Guido",
  "clawLength": 2.25,
  "sound": "Meows"
}