{
  "id": 1,
  "name": "Jacob",
  "tailLength": 15.5,
  "sound": "Barks"
}