{
  "id": 1,
  "name": "Missy",
  "hoofWidth": 15.75,
  "sound": "Neighs"
}