{
  "id": 3,
  "name": "Tiger",
  "clawLength": 2.05,
  "sound": "Meows"
}