{
  "id": 3,
  "name": "Wolfie",
  "tailLength": 55.39,
  "sound": "Barks"
}