{
  "id": 3,
  "name": "Mighty",
  "hoofWidth": 9.33,
  "sound": "Neighs"
}