{
  "Cat": [
    {
      "id": 2,
      "name": "Spot",
      "clawLength": 3.25,
      "sound": "Meows"
    }
  ],
  "Dog": [
    {
      "id": 1,
      "name": "Jacob",
      "tailLength": 15.5,
      "sound": "Barks"
    },
    {
      "id": 2,
      "name": "Fido",
      "tailLength": 18.5,
      "sound": "Barks"
    }
  ],
  "Horse": [
    {
      "id": 1,
      "name": "Missy",
      "hoofWidth": 15.75,
      "sound": "Neighs"
    },
    {
      "id": 2,
      "name": "Chestnut",
      "hoofWidth": 22.15,
      "sound": "Neighs"
    }
  ]
}